// Vitest Snapshot v1, https://vitest.dev/guide/snapshot.html

exports[`AchievementBadge > renders active 1`] = `
"<li data-v-06381b3c="" aria-disabled="false" aria-label="150 unique veggies" data-test-id="badge-completionist-3" class="badge__completionist badge" role="img">
  <div data-v-06381b3c="" class="badge__background badge__background--Gold" aria-hidden="true">
    <div data-v-06381b3c="" class="badge__emoji">ğŸ¦…</div>
  </div>
  <!--v-if-->
  <div data-v-06381b3c="" aria-hidden="true" class="badge__text">150 veggies</div>
</li>"
`;

exports[`AchievementBadge > renders inactive 1`] = `
"<li data-v-06381b3c="" aria-disabled="true" aria-label="10 week streak of over 30 veggies" data-test-id="badge-hotStreak-2" class="badge__hotStreak badge" role="img">
  <div data-v-06381b3c="" class="badge__background badge__background--Silver" aria-hidden="true">
    <div data-v-06381b3c="" class="badge__emoji">ğŸ”¥</div>
  </div>
  <div data-v-06381b3c="" class="badge__overlay" style="mask-image: conic-gradient(transparent 0deg 0deg, black 0deg 360deg);"></div>
  <div data-v-06381b3c="" aria-hidden="true" class="badge__text">10 Weeks</div>
</li>"
`;
