// Vitest Snapshot v1, https://vitest.dev/guide/snapshot.html

exports[`AllTimeStatus > renders 1`] = `
"<div data-v-900f68cf="" class="status__container">
  <div data-v-900f68cf="" class="status__item" data-test-id="all-time-weeks"><span data-v-900f68cf="">In Total</span>
    <div data-v-a0e2a650="" data-v-900f68cf="" class="statistic-share__container"><span data-v-a0e2a650="">1</span><button data-v-24e38f3d="" data-v-a0e2a650="" class="button button--text h-fit" aria-flowto="all-time-status-totalWeeks">
        <!--v-if--><svg data-v-a0e2a650="" style="width: 1.25rem; height: 1.25rem;" class="flex-shrink-0" viewBox="0 0 24 24" aria-hidden="true">
          <path d="M19,21H8V7H19M19,5H8A2,2 0 0,0 6,7V21A2,2 0 0,0 8,23H19A2,2 0 0,0 21,21V7A2,2 0 0,0 19,5M16,1H4A2,2 0 0,0 2,3V17H4V3H16V1Z" class="transition-all"></path>
        </svg>
      </button></div> <span data-v-900f68cf="" id="all-time-status-totalWeeks">Weeks</span>
  </div>
  <div data-v-900f68cf="" class="status__item" data-test-id="all-time-over-30"><span data-v-900f68cf="">Over 30 Veggies in</span>
    <div data-v-a0e2a650="" data-v-900f68cf="" class="statistic-share__container"><span data-v-a0e2a650="">0</span><button data-v-24e38f3d="" data-v-a0e2a650="" class="button button--text h-fit" aria-flowto="all-time-status-over30Veggies">
        <!--v-if--><svg data-v-a0e2a650="" style="width: 1.25rem; height: 1.25rem;" class="flex-shrink-0" viewBox="0 0 24 24" aria-hidden="true">
          <path d="M19,21H8V7H19M19,5H8A2,2 0 0,0 6,7V21A2,2 0 0,0 8,23H19A2,2 0 0,0 21,21V7A2,2 0 0,0 19,5M16,1H4A2,2 0 0,0 2,3V17H4V3H16V1Z" class="transition-all"></path>
        </svg>
      </button></div> <span data-v-900f68cf="" id="all-time-status-over30Veggies">Weeks</span>
  </div>
  <div data-v-900f68cf="" class="status__item" data-test-id="all-time-unique"><span data-v-900f68cf="">In Total</span>
    <div data-v-a0e2a650="" data-v-900f68cf="" class="statistic-share__container"><span data-v-a0e2a650="">0</span><button data-v-24e38f3d="" data-v-a0e2a650="" class="button button--text h-fit" aria-flowto="all-time-status-uniqueVeggies">
        <!--v-if--><svg data-v-a0e2a650="" style="width: 1.25rem; height: 1.25rem;" class="flex-shrink-0" viewBox="0 0 24 24" aria-hidden="true">
          <path d="M19,21H8V7H19M19,5H8A2,2 0 0,0 6,7V21A2,2 0 0,0 8,23H19A2,2 0 0,0 21,21V7A2,2 0 0,0 19,5M16,1H4A2,2 0 0,0 2,3V17H4V3H16V1Z" class="transition-all"></path>
        </svg>
      </button></div> <span data-v-900f68cf="" id="all-time-status-uniqueVeggies">Unique Veggies</span>
  </div>
  <div data-v-900f68cf="" class="status__item" data-test-id="all-time-at-most"><span data-v-900f68cf="">At Most</span>
    <div data-v-a0e2a650="" data-v-900f68cf="" class="statistic-share__container"><span data-v-a0e2a650="">0</span><button data-v-24e38f3d="" data-v-a0e2a650="" class="button button--text h-fit" aria-flowto="all-time-status-atMostVeggies">
        <!--v-if--><svg data-v-a0e2a650="" style="width: 1.25rem; height: 1.25rem;" class="flex-shrink-0" viewBox="0 0 24 24" aria-hidden="true">
          <path d="M19,21H8V7H19M19,5H8A2,2 0 0,0 6,7V21A2,2 0 0,0 8,23H19A2,2 0 0,0 21,21V7A2,2 0 0,0 19,5M16,1H4A2,2 0 0,0 2,3V17H4V3H16V1Z" class="transition-all"></path>
        </svg>
      </button></div> <span data-v-900f68cf="" id="all-time-status-atMostVeggies">Veggies in a Week</span>
  </div>
  <div data-v-900f68cf="" class="status__item col-2" data-test-id="all-time-challenges"><span data-v-900f68cf="">Completed</span>
    <div data-v-a0e2a650="" data-v-900f68cf="" class="statistic-share__container"><span data-v-a0e2a650="">0</span><button data-v-24e38f3d="" data-v-a0e2a650="" class="button button--text h-fit" aria-flowto="all-time-status-completedChallenges">
        <!--v-if--><svg data-v-a0e2a650="" style="width: 1.25rem; height: 1.25rem;" class="flex-shrink-0" viewBox="0 0 24 24" aria-hidden="true">
          <path d="M19,21H8V7H19M19,5H8A2,2 0 0,0 6,7V21A2,2 0 0,0 8,23H19A2,2 0 0,0 21,21V7A2,2 0 0,0 19,5M16,1H4A2,2 0 0,0 2,3V17H4V3H16V1Z" class="transition-all"></path>
        </svg>
      </button></div> <span data-v-900f68cf="" id="all-time-status-completedChallenges">Weekly Challenges</span>
  </div>
</div>"
`;
