// Vitest Snapshot v1, https://vitest.dev/guide/snapshot.html

exports[`FooterComponent > renders 1`] = `
"<footer data-v-7490b180=""><a data-v-7490b180="" class="flex-container items-center" href="https://bsky.app/profile/eatyourveggies.app" target="_blank" noreferrer="" noopener="" data-test-id="bluesky-link"><svg data-v-7490b180="" style="width: 1.25rem; height: 1.25rem;" class="shrink-0" viewBox="0 0 24 24" aria-hidden="true">
      <path d="M12 10.8c-1.087-2.114-4.046-6.053-6.798-7.995C2.566.944 1.561 1.266.902 1.565.139 1.908 0 3.08 0 3.768c0 .69.378 5.65.624 6.479.815 2.736 3.713 3.66 6.383 3.364.136-.02.275-.039.415-.056-.138.022-.276.04-.415.056-3.912.58-7.387 2.005-2.83 7.078 5.013 5.19 6.87-1.113 7.823-4.308.953 3.195 2.05 9.271 7.733 4.308 4.267-4.308 1.172-6.498-2.74-7.078a8.741 8.741 0 0 1-.415-.056c.14.017.279.036.415.056 2.67.297 5.568-.628 6.383-3.364.246-.828.624-5.79.624-6.478 0-.69-.139-1.861-.902-2.206-.659-.298-1.664-.62-4.3 1.24C16.046 4.748 13.087 8.687 12 10.8Z" class="transition-all"></path>
    </svg> Follow on Bluesky</a>
  <!--v-if-->
</footer>"
`;

exports[`FooterComponent > renders with play store link 1`] = `
"<footer data-v-7490b180=""><a data-v-7490b180="" class="flex-container items-center" href="https://bsky.app/profile/eatyourveggies.app" target="_blank" noreferrer="" noopener="" data-test-id="bluesky-link"><svg data-v-7490b180="" style="width: 1.25rem; height: 1.25rem;" class="shrink-0" viewBox="0 0 24 24" aria-hidden="true">
      <path d="M12 10.8c-1.087-2.114-4.046-6.053-6.798-7.995C2.566.944 1.561 1.266.902 1.565.139 1.908 0 3.08 0 3.768c0 .69.378 5.65.624 6.479.815 2.736 3.713 3.66 6.383 3.364.136-.02.275-.039.415-.056-.138.022-.276.04-.415.056-3.912.58-7.387 2.005-2.83 7.078 5.013 5.19 6.87-1.113 7.823-4.308.953 3.195 2.05 9.271 7.733 4.308 4.267-4.308 1.172-6.498-2.74-7.078a8.741 8.741 0 0 1-.415-.056c.14.017.279.036.415.056 2.67.297 5.568-.628 6.383-3.364.246-.828.624-5.79.624-6.478 0-.69-.139-1.861-.902-2.206-.659-.298-1.664-.62-4.3 1.24C16.046 4.748 13.087 8.687 12 10.8Z" class="transition-all"></path>
    </svg> Follow on Bluesky</a><a data-v-7490b180="" class="flex-container items-center" href="https://play.google.com/store/apps/details?id=app.eatyourveggies.twa" target="_blank" noreferrer="" noopener="" data-test-id="play-store-link"><svg data-v-7490b180="" style="width: 1.25rem; height: 1.25rem;" class="shrink-0" viewBox="0 0 24 24" aria-hidden="true">
      <path d="M22.018 13.298l-3.919 2.218-3.515-3.493 3.543-3.521 3.891 2.202a1.49 1.49 0 0 1 0 2.594zM1.337.924a1.486 1.486 0 0 0-.112.568v21.017c0 .217.045.419.124.6l11.155-11.087L1.337.924zm12.207 10.065l3.258-3.238L3.45.195a1.466 1.466 0 0 0-.946-.179l11.04 10.973zm0 2.067l-11 10.933c.298.036.612-.016.906-.183l13.324-7.54-3.23-3.21z" class="transition-all"></path>
    </svg> Google Play</a></footer>"
`;
