// Vitest Snapshot v1, https://vitest.dev/guide/snapshot.html

exports[`ModalDialog > shows dialog 1`] = `
"<div data-v-0f2dec55="" class="relative z-10">
  <!-- The backdrop, rendered as a fixed sibling to the panel container -->
  <div data-v-0f2dec55="" class="modal-dialog__backdrop" aria-hidden="true"></div><!-- Full-screen container to center the panel -->
  <div data-v-0f2dec55="" class="modal-dialog__container">
    <div data-v-0f2dec55="" class="modal-dialog outline-override"><button data-v-24e38f3d="" data-v-0f2dec55="" class="button button--text modal-dialog__close-button" aria-label="Close" data-test-id="close-button"><svg data-v-24e38f3d="" viewBox="0 0 24 24" aria-hidden="true" style="width: 1.25rem; height: 1.25rem;">
          <path d="M19,6.41L17.59,5L12,10.59L6.41,5L5,6.41L10.59,12L5,17.59L6.41,19L12,13.41L17.59,19L19,17.59L13.41,12L19,6.41Z" class="transition-all"></path>
        </svg></button>
      <dialog-title-stub data-v-0f2dec55="" as="h2" class="modal-dialog__title"></dialog-title-stub>
      <div data-v-0f2dec55="" class="modal-dialog__content outline-override"></div>
      <div data-v-0f2dec55="" class="modal-dialog__buttons outline-override"></div>
    </div>
  </div>
</div>"
`;
