// Vitest Snapshot v1, https://vitest.dev/guide/snapshot.html

exports[`PopularityStatistics > renders empty 1`] = `
"<div data-v-4cf0b303="" class="popularity__container">
  <div data-v-4cf0b303="" class="flex-container flex-col">
    <h2 class="label-like" aria-hidden="false">Top-3 Fruits And Berries</h2>
    <ul data-v-4cf0b303="" class="flex-container flex-col align-start">
      <li data-v-4cf0b303="" class="popularity__entry" data-test-id="popularity-Fruit-1">
        <div data-v-4cf0b303="" class="popularity__entry-emoji" aria-hidden="true">ğŸ¥‡</div>
        <div data-v-4cf0b303="" class="popularity__entry-text">No Entry</div>
      </li>
      <li data-v-4cf0b303="" class="popularity__entry" data-test-id="popularity-Fruit-2">
        <div data-v-4cf0b303="" class="popularity__entry-emoji" aria-hidden="true">ğŸ¥ˆ</div>
        <div data-v-4cf0b303="" class="popularity__entry-text">No Entry</div>
      </li>
      <li data-v-4cf0b303="" class="popularity__entry" data-test-id="popularity-Fruit-3">
        <div data-v-4cf0b303="" class="popularity__entry-emoji" aria-hidden="true">ğŸ¥‰</div>
        <div data-v-4cf0b303="" class="popularity__entry-text">No Entry</div>
      </li>
    </ul>
  </div>
  <div data-v-4cf0b303="" class="flex-container flex-col">
    <h2 class="label-like" aria-hidden="false">Top-3 Vegetables</h2>
    <ul data-v-4cf0b303="" class="flex-container flex-col align-start">
      <li data-v-4cf0b303="" class="popularity__entry" data-test-id="popularity-Vegetable-1">
        <div data-v-4cf0b303="" class="popularity__entry-emoji" aria-hidden="true">ğŸ¥‡</div>
        <div data-v-4cf0b303="" class="popularity__entry-text">No Entry</div>
      </li>
      <li data-v-4cf0b303="" class="popularity__entry" data-test-id="popularity-Vegetable-2">
        <div data-v-4cf0b303="" class="popularity__entry-emoji" aria-hidden="true">ğŸ¥ˆ</div>
        <div data-v-4cf0b303="" class="popularity__entry-text">No Entry</div>
      </li>
      <li data-v-4cf0b303="" class="popularity__entry" data-test-id="popularity-Vegetable-3">
        <div data-v-4cf0b303="" class="popularity__entry-emoji" aria-hidden="true">ğŸ¥‰</div>
        <div data-v-4cf0b303="" class="popularity__entry-text">No Entry</div>
      </li>
    </ul>
  </div>
  <div data-v-4cf0b303="" class="flex-container flex-col">
    <h2 class="label-like" aria-hidden="false">Top-3 Leafy Greens And Herbs</h2>
    <ul data-v-4cf0b303="" class="flex-container flex-col align-start">
      <li data-v-4cf0b303="" class="popularity__entry" data-test-id="popularity-Leafy-1">
        <div data-v-4cf0b303="" class="popularity__entry-emoji" aria-hidden="true">ğŸ¥‡</div>
        <div data-v-4cf0b303="" class="popularity__entry-text">No Entry</div>
      </li>
      <li data-v-4cf0b303="" class="popularity__entry" data-test-id="popularity-Leafy-2">
        <div data-v-4cf0b303="" class="popularity__entry-emoji" aria-hidden="true">ğŸ¥ˆ</div>
        <div data-v-4cf0b303="" class="popularity__entry-text">No Entry</div>
      </li>
      <li data-v-4cf0b303="" class="popularity__entry" data-test-id="popularity-Leafy-3">
        <div data-v-4cf0b303="" class="popularity__entry-emoji" aria-hidden="true">ğŸ¥‰</div>
        <div data-v-4cf0b303="" class="popularity__entry-text">No Entry</div>
      </li>
    </ul>
  </div>
  <div data-v-4cf0b303="" class="flex-container flex-col">
    <h2 class="label-like" aria-hidden="false">Top-3 Roots And Bulbs</h2>
    <ul data-v-4cf0b303="" class="flex-container flex-col align-start">
      <li data-v-4cf0b303="" class="popularity__entry" data-test-id="popularity-Root-1">
        <div data-v-4cf0b303="" class="popularity__entry-emoji" aria-hidden="true">ğŸ¥‡</div>
        <div data-v-4cf0b303="" class="popularity__entry-text">No Entry</div>
      </li>
      <li data-v-4cf0b303="" class="popularity__entry" data-test-id="popularity-Root-2">
        <div data-v-4cf0b303="" class="popularity__entry-emoji" aria-hidden="true">ğŸ¥ˆ</div>
        <div data-v-4cf0b303="" class="popularity__entry-text">No Entry</div>
      </li>
      <li data-v-4cf0b303="" class="popularity__entry" data-test-id="popularity-Root-3">
        <div data-v-4cf0b303="" class="popularity__entry-emoji" aria-hidden="true">ğŸ¥‰</div>
        <div data-v-4cf0b303="" class="popularity__entry-text">No Entry</div>
      </li>
    </ul>
  </div>
  <div data-v-4cf0b303="" class="flex-container flex-col">
    <h2 class="label-like" aria-hidden="false">Top-3 Beans And Legumes</h2>
    <ul data-v-4cf0b303="" class="flex-container flex-col align-start">
      <li data-v-4cf0b303="" class="popularity__entry" data-test-id="popularity-Bean-1">
        <div data-v-4cf0b303="" class="popularity__entry-emoji" aria-hidden="true">ğŸ¥‡</div>
        <div data-v-4cf0b303="" class="popularity__entry-text">No Entry</div>
      </li>
      <li data-v-4cf0b303="" class="popularity__entry" data-test-id="popularity-Bean-2">
        <div data-v-4cf0b303="" class="popularity__entry-emoji" aria-hidden="true">ğŸ¥ˆ</div>
        <div data-v-4cf0b303="" class="popularity__entry-text">No Entry</div>
      </li>
      <li data-v-4cf0b303="" class="popularity__entry" data-test-id="popularity-Bean-3">
        <div data-v-4cf0b303="" class="popularity__entry-emoji" aria-hidden="true">ğŸ¥‰</div>
        <div data-v-4cf0b303="" class="popularity__entry-text">No Entry</div>
      </li>
    </ul>
  </div>
  <div data-v-4cf0b303="" class="flex-container flex-col">
    <h2 class="label-like" aria-hidden="false">Top-3 Grains, Nuts, And Seeds</h2>
    <ul data-v-4cf0b303="" class="flex-container flex-col align-start">
      <li data-v-4cf0b303="" class="popularity__entry" data-test-id="popularity-Grain-1">
        <div data-v-4cf0b303="" class="popularity__entry-emoji" aria-hidden="true">ğŸ¥‡</div>
        <div data-v-4cf0b303="" class="popularity__entry-text">No Entry</div>
      </li>
      <li data-v-4cf0b303="" class="popularity__entry" data-test-id="popularity-Grain-2">
        <div data-v-4cf0b303="" class="popularity__entry-emoji" aria-hidden="true">ğŸ¥ˆ</div>
        <div data-v-4cf0b303="" class="popularity__entry-text">No Entry</div>
      </li>
      <li data-v-4cf0b303="" class="popularity__entry" data-test-id="popularity-Grain-3">
        <div data-v-4cf0b303="" class="popularity__entry-emoji" aria-hidden="true">ğŸ¥‰</div>
        <div data-v-4cf0b303="" class="popularity__entry-text">No Entry</div>
      </li>
    </ul>
  </div>
</div>"
`;
