// Vitest Snapshot v1, https://vitest.dev/guide/snapshot.html

exports[`StatsView > renders current week by default 1`] = `
"<h1 data-v-a19ac338="" class="sr-only">Statistics</h1>
<button aria-hidden="true" style="position: fixed; height: 0px; padding: 0px; overflow: hidden; clip: rect(0px, 0px, 0px, 0px); white-space: nowrap; border-width: 0px;" type="button"></button>
<div data-v-a19ac338="" role="tablist" aria-orientation="horizontal" class="grid grid-cols-5 gap-2"><button data-v-24e38f3d="" data-v-a19ac338="" class="button button--primary !bg-sky-700 justify-center" aria-label="This week's veggies" data-test-id="stats-tab-0" id="headlessui-tabs-tab-v-0" role="tab" aria-selected="true" tabindex="0" data-headlessui-state="selected">
    <!--v-if--><svg data-v-a19ac338="" style="width: 1.25rem; height: 1.25rem;" class="flex-shrink-0" viewBox="0 0 24 24" aria-hidden="true">
      <path d="M5 3H6V1H8V3H16V1H18V3H19C20.11 3 21 3.89 21 5V19C21 20.1 20.11 21 19 21H5C3.9 21 3 20.11 3 19V5C3 3.89 3.9 3 5 3M5 19H19V9H5V19M5 7H19V5H5V7M17 11V13H7V11H17" class="transition-all"></path>
    </svg>
  </button><button data-v-24e38f3d="" data-v-a19ac338="" class="button button--primary justify-center" aria-label="Weekly statistics" data-test-id="stats-tab-1" id="headlessui-tabs-tab-v-1" role="tab" aria-selected="false" tabindex="-1" data-headlessui-state="">
    <!--v-if--><svg data-v-a19ac338="" style="width: 1.25rem; height: 1.25rem;" class="flex-shrink-0" viewBox="0 0 24 24" aria-hidden="true">
      <path d="M16,11.78L20.24,4.45L21.97,5.45L16.74,14.5L10.23,10.75L5.46,19H22V21H2V3H4V17.54L9.5,8L16,11.78Z" class="transition-all"></path>
    </svg>
  </button><button data-v-24e38f3d="" data-v-a19ac338="" class="button button--primary justify-center" aria-label="All time statistics" data-test-id="stats-tab-2" id="headlessui-tabs-tab-v-2" role="tab" aria-selected="false" tabindex="-1" data-headlessui-state="">
    <!--v-if--><svg data-v-a19ac338="" style="width: 1.25rem; height: 1.25rem;" class="flex-shrink-0" viewBox="0 0 24 24" aria-hidden="true">
      <path d="M13.5,8H12V13L16.28,15.54L17,14.33L13.5,12.25V8M13,3A9,9 0 0,0 4,12H1L4.96,16.03L9,12H6A7,7 0 0,1 13,5A7,7 0 0,1 20,12A7,7 0 0,1 13,19C11.07,19 9.32,18.21 8.06,16.94L6.64,18.36C8.27,20 10.5,21 13,21A9,9 0 0,0 22,12A9,9 0 0,0 13,3" class="transition-all"></path>
    </svg>
  </button><button data-v-24e38f3d="" data-v-a19ac338="" class="button button--primary justify-center" aria-label="Veggie list" data-test-id="stats-tab-3" id="headlessui-tabs-tab-v-3" role="tab" aria-selected="false" tabindex="-1" data-headlessui-state="">
    <!--v-if--><svg data-v-a19ac338="" style="width: 1.25rem; height: 1.25rem;" class="flex-shrink-0" viewBox="0 0 24 24" aria-hidden="true">
      <path d="M3,5H9V11H3V5M5,7V9H7V7H5M11,7H21V9H11V7M11,15H21V17H11V15M5,20L1.5,16.5L2.91,15.09L5,17.17L9.59,12.59L11,14L5,20Z" class="transition-all"></path>
    </svg>
  </button><button data-v-24e38f3d="" data-v-a19ac338="" class="button button--primary justify-center" aria-label="Achievements" data-test-id="stats-tab-4" id="headlessui-tabs-tab-v-4" role="tab" aria-selected="false" tabindex="-1" data-headlessui-state="">
    <!--v-if--><svg data-v-a19ac338="" style="width: 1.25rem; height: 1.25rem;" class="flex-shrink-0" viewBox="0 0 24 24" aria-hidden="true">
      <path d="M18 2C17.1 2 16 3 16 4H8C8 3 6.9 2 6 2H2V11C2 12 3 13 4 13H6.2C6.6 15 7.9 16.7 11 17V19.08C8 19.54 8 22 8 22H16C16 22 16 19.54 13 19.08V17C16.1 16.7 17.4 15 17.8 13H20C21 13 22 12 22 11V2H18M6 11H4V4H6V11M16 11.5C16 13.43 15.42 15 12 15C8.59 15 8 13.43 8 11.5V6H16V11.5M20 11H18V4H20V11Z" class="transition-all"></path>
    </svg>
  </button></div>
<div data-v-a19ac338="" class="flex flex-grow min-h-0">
  <div data-v-81c33b70="" data-v-a19ac338="" class="week-editor stats__tab" id="headlessui-tabs-panel-v-5" role="tabpanel" tabindex="0" data-headlessui-state="selected">
    <div class="relative z-30" data-headlessui-state="">
      <div data-v-81c33b70="" class="flex-container flex-col"><label id="headlessui-listbox-label-v-6" data-headlessui-state="" class="label-like">Choose Week</label>
        <listbox-button-stub data-v-81c33b70="" as="button" class="week-editor__dropdown-button" data-test-id="week-editor-dropdown-button"></listbox-button-stub>
      </div>
      <!---->
    </div>
    <!--v-if-->
    <transition-group-stub data-v-cd627eac="" data-v-81c33b70="" name="tags" tag="ul" appear="false" persisted="false" css="true" class="tags__container">
      <li data-v-cd627eac="" data-test-id="tag-apple" class="z-10"><button data-v-24e38f3d="" data-v-cd627eac="" class="button button--tag button--remove" aria-label="Remove apple">
          <!--v-if--><svg data-v-cd627eac="" style="width: 1.25rem; height: 1.25rem;" class="flex-shrink-0" viewBox="0 0 24 24" aria-hidden="true">
            <path d="M19,13H5V11H19V13Z" class="transition-all"></path>
          </svg> apple
        </button></li>
      <li data-v-cd627eac="" data-test-id="tag-chickpea" class="z-10"><button data-v-24e38f3d="" data-v-cd627eac="" class="button button--tag button--remove" aria-label="Remove chickpea">
          <!--v-if--><svg data-v-cd627eac="" style="width: 1.25rem; height: 1.25rem;" class="flex-shrink-0" viewBox="0 0 24 24" aria-hidden="true">
            <path d="M19,13H5V11H19V13Z" class="transition-all"></path>
          </svg> chickpea
        </button></li>
      <li data-v-cd627eac="" data-test-id="tag-raspberry" class="z-10"><button data-v-24e38f3d="" data-v-cd627eac="" class="button button--tag button--remove" aria-label="Remove raspberry">
          <!--v-if--><svg data-v-cd627eac="" style="width: 1.25rem; height: 1.25rem;" class="flex-shrink-0" viewBox="0 0 24 24" aria-hidden="true">
            <path d="M19,13H5V11H19V13Z" class="transition-all"></path>
          </svg> raspberry
        </button></li>
    </transition-group-stub>
  </div><span data-v-a19ac338="" aria-hidden="true" style="position: fixed; height: 0px; padding: 0px; overflow: hidden; clip: rect(0px, 0px, 0px, 0px); white-space: nowrap; border-width: 0px;" id="headlessui-tabs-panel-v-7" role="tabpanel" tabindex="-1" class="stats__tab"></span><span data-v-a19ac338="" aria-hidden="true" style="position: fixed; height: 0px; padding: 0px; overflow: hidden; clip: rect(0px, 0px, 0px, 0px); white-space: nowrap; border-width: 0px;" id="headlessui-tabs-panel-v-8" role="tabpanel" tabindex="-1" class="stats__tab"></span><span data-v-a19ac338="" aria-hidden="true" style="position: fixed; height: 0px; padding: 0px; overflow: hidden; clip: rect(0px, 0px, 0px, 0px); white-space: nowrap; border-width: 0px;" id="headlessui-tabs-panel-v-9" role="tabpanel" tabindex="-1" uniqueveggies="apple,raspberry,chickpea" class="stats__tab"></span><span data-v-a19ac338="" aria-hidden="true" style="position: fixed; height: 0px; padding: 0px; overflow: hidden; clip: rect(0px, 0px, 0px, 0px); white-space: nowrap; border-width: 0px;" id="headlessui-tabs-panel-v-10" role="tabpanel" tabindex="-1" class="stats__tab"></span>
</div>"
`;
